
> vite_react_shadcn_ts@0.0.0 build
> vite build

[36mvite v5.4.19 [32mbuilding for production...[36m[39m
transforming...
node.exe : Browserslist: browsers data (caniuse-lite) is 10 months old. Please 
run:
At line:1 char:1
+ & "C:\Program Files\nodejs/node.exe" "C:\Program Files\nodejs/node_mo ...
+ ~~~~~~~~~~~~~~~~~~~~~~~~~~~~~~~~~~~~~~~~~~~~~~~~~~~~~~~~~~~~~~~~~~~~~
    + CategoryInfo          : NotSpecified: (Browserslist: b...ld. Please run: 
   :String) [], RemoteException
    + FullyQualifiedErrorId : NativeCommandError
 
  npx update-browserslist-db@latest
  Why you should do it regularly: 
https://github.com/browserslist/update-db#readme
[32mΓ£ô[39m 3393 modules transformed.
rendering chunks...
computing gzip size...
[2mdist/[22m[32mindex.html                    [39m[1m[2m    1.61 kB[22m[1m[22m[2m Γöé gzip:   0.58 kB[22m
[2mdist/[22m[35massets/index-CXC_w0ZE.css     [39m[1m[2m  121.28 kB[22m[1m[22m[2m Γöé gzip:  19.83 kB[22m
[2mdist/[22m[36massets/purify.es-C_uT9hQ1.js  [39m[1m[2m   21.98 kB[22m[1m[22m[2m Γöé gzip:   8.74 kB[22m
[2mdist/[22m[36massets/index.es-6rXuKgP1.js   [39m[1m[2m  150.58 kB[22m[1m[22m[2m Γöé gzip:  51.53 kB[22m
[2mdist/[22m[36massets/index-D7RAbbFV.js      [39m[1m[33m2,274.71 kB[39m[22m[2m Γöé gzip: 644.40 kB[22m
[33m
(!) Some chunks are larger than 500 kB after minification. Consider:
- Using dynamic import() to code-split the application
- Use build.rollupOptions.output.manualChunks to improve chunking: 
https://rollupjs.org/configuration-options/#output-manualchunks
- Adjust chunk size limit for this warning via 
build.chunkSizeWarningLimit.[39m
[32mΓ£ô built in 35.88s[39m
